Microchip MPLAB XC8 Compiler V2.10 ()

Linker command line:

-W-3 --edf=C:\Program Files (x86)\Microchip\xc8\v2.10\pic\dat\en_msgs.txt \
  -cs -h+dist/default/production\Alarm_Clock.X.production.sym \
  --cmf=dist/default/production\Alarm_Clock.X.production.cmf -z -Q16F877A \
  -oC:\Users\USER\AppData\Local\Temp\shs4.2 --defsym=__MPLAB_BUILD=1 \
  -Mdist/default/production/Alarm_Clock.X.production.map -E1 -ver=XC8 \
  --acfsm=1493 -ASTACK=0110h-016Fh -pstack=STACK -ACODE=00h-07FFhx4 \
  -ASTRCODE=00h-01FFFh -ASTRING=00h-0FFhx32 -ACONST=00h-0FFhx32 \
  -AENTRY=00h-0FFhx32 -ACOMMON=070h-07Fh -ABANK0=020h-06Fh \
  -ABANK1=0A0h-0EFh -ABANK2=0110h-016Fh -ABANK3=0190h-01EFh \
  -ARAM=020h-06Fh,0A0h-0EFh,0110h-016Fh,0190h-01EFh \
  -AABS1=020h-07Fh,0A0h-0EFh,0110h-016Fh,0190h-01EFh -ASFR0=00h-01Fh \
  -ASFR1=080h-09Fh -ASFR2=0100h-010Fh -ASFR3=0180h-018Fh \
  -preset_vec=00h,intentry,init,end_init -ppowerup=CODE -pcinit=CODE \
  -pfunctab=ENTRY -ACONFIG=02007h-02007h -pconfig=CONFIG -DCONFIG=2 \
  -AIDLOC=02000h-02003h -pidloc=IDLOC -DIDLOC=2 -AEEDATA=00h-0FFh/02100h \
  -peeprom_data=EEDATA -DEEDATA=2 -DCODE=2 -DSTRCODE=2 -DSTRING=2 -DCONST=2 \
  -DENTRY=2 -k C:\Users\USER\AppData\Local\Temp\shs4.o \
  dist/default/production\Alarm_Clock.X.production.o 

Object code version is 3.11

Machine type is 16F877A



                Name                               Link     Load   Length Selector   Space Scale
C:\Users\USER\AppData\Local\Temp\shs4.o
                end_init                              0        0        3        0       0
                config                             2007     2007        1     400E       0
dist/default/production\Alarm_Clock.X.production.o
                cinit                               7E1      7E1       1F      FC2       0
                text20                              B88      B88       25     1710       0
                text19                              B16      B16        A     162C       0
                text18                              B2B      B2B       15     1656       0
                text17                              BAD      BAD       2D     175A       0
                text16                              CBD      CBD       44     197A       0
                text15                              C0D      C0D       36     181A       0
                text14                              25C      25C       9E      4B8       0
                text13                              BDA      BDA       33     17B4       0
                text12                              B06      B06        8     160C       0
                text11                              1C4      1C4       98      388       0
                text10                              B40      B40       24     1680       0
                text9                               C43      C43       3B     1886       0
                text8                               C7E      C7E       3F     18FC       0
                text7                               140      140       84      280       0
                text6                               B20      B20        B     1640       0
                text5                                5F       5F       67       BE       0
                text4                                 6        6       59        C       0
                text3                                C6       C6       7A      18C       0
                text2                               B64      B64       24     16C8       0
                text1                               D01      D01      2FF     1A02       0
                maintext                            2FA      2FA      4E7      5F4       0
                cstackBANK0                          20       20       27       20       1
                cstackCOMMON                         70       70        E       70       1
                clrtext                             B0E      B0E        8     161C       0
                dataBANK0                            62       62        3       20       1
                bssBANK0                             47       47       1B       20       1
                idataBANK0                            3        3        3        0       0

TOTAL           Name                               Link     Load   Length     Space
        CLASS   STACK          

        CLASS   CODE           
                end_init                              0        0        3         0
                cinit                               7E1      7E1       1F         0
                text20                              B88      B88       25         0
                text19                              B16      B16        A         0
                text18                              B2B      B2B       15         0
                text17                              BAD      BAD       2D         0
                text16                              CBD      CBD       44         0
                text15                              C0D      C0D       36         0
                text14                              25C      25C       9E         0
                text13                              BDA      BDA       33         0
                text12                              B06      B06        8         0
                text11                              1C4      1C4       98         0
                text10                              B40      B40       24         0
                text9                               C43      C43       3B         0
                text8                               C7E      C7E       3F         0
                text7                               140      140       84         0
                text6                               B20      B20        B         0
                text5                                5F       5F       67         0
                text4                                 6        6       59         0
                text3                                C6       C6       7A         0
                text2                               B64      B64       24         0
                text1                               D01      D01      2FF         0
                maintext                            2FA      2FA      4E7         0
                clrtext                             B0E      B0E        8         0
                idataBANK0                            3        3        3         0

        CLASS   STRCODE        

        CLASS   STRING         

        CLASS   CONST          

        CLASS   ENTRY          

        CLASS   COMMON         
                cstackCOMMON                         70       70        E         1

        CLASS   BANK0          
                cstackBANK0                          20       20       27         1
                dataBANK0                            62       62        3         1
                bssBANK0                             47       47       1B         1

        CLASS   BANK1          

        CLASS   BANK2          

        CLASS   BANK3          

        CLASS   RAM            

        CLASS   ABS1           
                abs_s1                               7E       7E        2         1

        CLASS   SFR0           

        CLASS   SFR1           

        CLASS   SFR2           

        CLASS   SFR3           

        CLASS   CONFIG         
                config                             2007     2007        1         0

        CLASS   IDLOC          

        CLASS   EEDATA         



SEGMENTS        Name                           Load    Length   Top    Selector   Space  Class     Delta

                reset_vec                      000000  000006  000006         0       0  CODE        2
                text4                          000006  000059  00005F         C       0  CODE        2
                cstackBANK0                    000020  000045  000065        20       1  BANK0       1
                cstackCOMMON                   000070  00000E  00007E        70       1  COMMON      1
                text5                          00005F  000067  0000C6        BE       0  CODE        2
                text3                          0000C6  00007A  000140       18C       0  CODE        2
                text7                          000140  000084  0001C4       280       0  CODE        2
                text11                         0001C4  000098  00025C       388       0  CODE        2
                text14                         00025C  00009E  0002FA       4B8       0  CODE        2
                maintext                       0002FA  0004E7  0007E1       5F4       0  CODE        2
                cinit                          0007E1  00001F  000800       FC2       0  CODE        2
                text12                         000B06  000008  000B0E      160C       0  CODE        2
                clrtext                        000B0E  000008  000B16      161C       0  CODE        2
                text19                         000B16  00000A  000B20      162C       0  CODE        2
                text6                          000B20  00000B  000B2B      1640       0  CODE        2
                text18                         000B2B  000015  000B40      1656       0  CODE        2
                text10                         000B40  000024  000B64      1680       0  CODE        2
                text2                          000B64  000024  000B88      16C8       0  CODE        2
                text20                         000B88  000025  000BAD      1710       0  CODE        2
                text17                         000BAD  00002D  000BDA      175A       0  CODE        2
                text13                         000BDA  000033  000C0D      17B4       0  CODE        2
                text15                         000C0D  000036  000C43      181A       0  CODE        2
                text9                          000C43  00003B  000C7E      1886       0  CODE        2
                text8                          000C7E  00003F  000CBD      18FC       0  CODE        2
                text16                         000CBD  000044  000D01      197A       0  CODE        2
                text1                          000D01  0002FF  001000      1A02       0  CODE        2
                config                         002007  000001  002008      400E       0  CONFIG      2


UNUSED ADDRESS RANGES

        Name                Unused          Largest block    Delta
        BANK0            0065-006F              B           1
        BANK1            00A0-00EF             50           1
        BANK2            0110-016F             60           1
        BANK3            0190-01EF             60           1
        CODE             0800-0B05            306           2
                         1000-1FFF            800
        CONST            0800-0B05            100           2
                         1000-1FFF            100
        EEDATA           2100-21FF            100           2
        ENTRY            0800-0B05            100           2
                         1000-1FFF            100
        IDLOC            2000-2003              4           2
        RAM              0065-006F              B           1
                         00A0-00EF             50
                         0110-016F             60
                         0190-01EF             60
        SFR0             0000-001F             20           1
        SFR1             0080-009F             20           1
        SFR2             0100-010F             10           1
        SFR3             0180-018F             10           1
        STACK            0110-016F             60           1
        STRCODE          0800-0B05            306           2
                         1000-1FFF           1000
        STRING           0800-0B05            100           2
                         1000-1FFF            100

                                  Symbol Table

?___awdiv                   cstackCOMMON 0070
?___awmod                   cstackCOMMON 0070
?___wmul                    cstackCOMMON 0070
_EEADR                      (abs)        010D
_EECON1bits                 (abs)        018C
_EECON2                     (abs)        018D
_EEDATA                     (abs)        010C
_EEIF                       (abs)        006C
_GIE                        (abs)        005F
_INTCONbits                 (abs)        000B
_PIR2bits                   (abs)        000D
_PORTA                      (abs)        0005
_PORTB                      (abs)        0006
_PORTC                      (abs)        0007
_PORTD                      (abs)        0008
_PORTE                      (abs)        0009
_RC0                        (abs)        0038
_RC1                        (abs)        0039
_RC2                        (abs)        003A
_RC3                        (abs)        003B
_RC4                        (abs)        003C
_RC5                        (abs)        003D
_T1CON                      (abs)        0010
_TMR1                       (abs)        000E
_TMR1ON                     (abs)        0080
_TRISA                      (abs)        0085
_TRISB                      (abs)        0086
_TRISC                      (abs)        0087
_TRISD                      (abs)        0088
_TRISE                      (abs)        0089
__CFG_BOREN$OFF             (abs)        0000
__CFG_CP$OFF                (abs)        0000
__CFG_CPD$OFF               (abs)        0000
__CFG_FOSC$HS               (abs)        0000
__CFG_LVP$OFF               (abs)        0000
__CFG_PWRTE$OFF             (abs)        0000
__CFG_WDTE$OFF              (abs)        0000
__CFG_WRT$OFF               (abs)        0000
__Habs1                     abs1         0000
__Hbank0                    bank0        0000
__Hbank1                    bank1        0000
__Hbank2                    bank2        0000
__Hbank3                    bank3        0000
__HbssBANK0                 bssBANK0     0000
__Hcinit                    cinit        0800
__Hclrtext                  clrtext      0000
__Hcode                     code         0000
__Hcommon                   common       0000
__Hconfig                   config       2008
__HcstackBANK0              cstackBANK0  0000
__HcstackCOMMON             cstackCOMMON 0000
__HdataBANK0                dataBANK0    0000
__Heeprom_data              eeprom_data  0000
__Hend_init                 end_init     0003
__Hfunctab                  functab      0000
__HidataBANK0               idataBANK0   0000
__Hidloc                    idloc        0000
__Hinit                     init         0000
__Hintentry                 intentry     0000
__Hmaintext                 maintext     0000
__Hpowerup                  powerup      0000
__Hram                      ram          0000
__Hreset_vec                reset_vec    0000
__Hsfr0                     sfr0         0000
__Hsfr1                     sfr1         0000
__Hsfr2                     sfr2         0000
__Hsfr3                     sfr3         0000
__Hspace_0                  (abs)        2008
__Hspace_1                  (abs)        007E
__Hspace_2                  (abs)        0000
__Hspace_3                  (abs)        0000
__Hstack                    stack        0000
__Hstrings                  strings      0000
__Htext                     text         0000
__Labs1                     abs1         0000
__Lbank0                    bank0        0000
__Lbank1                    bank1        0000
__Lbank2                    bank2        0000
__Lbank3                    bank3        0000
__LbssBANK0                 bssBANK0     0000
__Lcinit                    cinit        07E1
__Lclrtext                  clrtext      0000
__Lcode                     code         0000
__Lcommon                   common       0000
__Lconfig                   config       2007
__LcstackBANK0              cstackBANK0  0000
__LcstackCOMMON             cstackCOMMON 0000
__LdataBANK0                dataBANK0    0000
__Leeprom_data              eeprom_data  0000
__Lend_init                 end_init     0000
__Lfunctab                  functab      0000
__LidataBANK0               idataBANK0   0000
__Lidloc                    idloc        0000
__Linit                     init         0000
__Lintentry                 intentry     0000
__Lmaintext                 maintext     0000
__Lpowerup                  powerup      0000
__Lram                      ram          0000
__Lreset_vec                reset_vec    0000
__Lsfr0                     sfr0         0000
__Lsfr1                     sfr1         0000
__Lsfr2                     sfr2         0000
__Lsfr3                     sfr3         0000
__Lspace_0                  (abs)        0000
__Lspace_1                  (abs)        0000
__Lspace_2                  (abs)        0000
__Lspace_3                  (abs)        0000
__Lstack                    stack        0000
__Lstrings                  strings      0000
__Ltext                     text         0000
__S0                        (abs)        2008
__S1                        (abs)        007E
__S2                        (abs)        0000
__S3                        (abs)        0000
___awdiv                    text5        005F
___awdiv@counter            cstackCOMMON 0075
___awdiv@dividend           cstackCOMMON 0072
___awdiv@divisor            cstackCOMMON 0070
___awdiv@quotient           cstackCOMMON 0077
___awdiv@sign               cstackCOMMON 0076
___awmod                    text4        0006
___awmod@counter            cstackCOMMON 0075
___awmod@dividend           cstackCOMMON 0072
___awmod@divisor            cstackCOMMON 0070
___awmod@sign               cstackCOMMON 0076
___int_sp                   stack        0000
___latbits                  (abs)        0002
___sp                       stack        0000
___stackhi                  (abs)        0000
___stacklo                  (abs)        0000
___wmul                     text20       0B88
___wmul@multiplicand        cstackCOMMON 0072
___wmul@multiplier          cstackCOMMON 0070
___wmul@product             cstackCOMMON 0074
__end_of___awdiv            text5        00C6
__end_of___awmod            text4        005F
__end_of___wmul             text20       0BAD
__end_of__initialization    cinit        07FC
__end_of_alarm_init         text14       02FA
__end_of_buzz               text2        0B88
__end_of_cont_data_read     text17       0BDA
__end_of_cont_data_write    text15       0C43
__end_of_data_clear         text13       0C0D
__end_of_data_init          text12       0B0E
__end_of_data_read          text18       0B40
__end_of_data_write         text16       0D01
__end_of_delay              text19       0B20
__end_of_disp               text3        0140
__end_of_disp_alarm         text6        0B2B
__end_of_disp_alarm_no      text8        0CBD
__end_of_disp_alarm_state   text7        01C4
__end_of_disp_cc            text11       025C
__end_of_disp_dig           text10       0B64
__end_of_main               maintext     07E1
__end_of_real_time_counter  text9        0C7E
__end_of_set_time           text1        1000
__initialization            cinit        07E1
__pbssBANK0                 bssBANK0     0047
__pcstackBANK0              cstackBANK0  0020
__pcstackCOMMON             cstackCOMMON 0070
__pdataBANK0                dataBANK0    0062
__pidataBANK0               idataBANK0   0003
__pmaintext                 maintext     02FA
__ptext1                    text1        0D01
__ptext10                   text10       0B40
__ptext11                   text11       01C4
__ptext12                   text12       0B06
__ptext13                   text13       0BDA
__ptext14                   text14       025C
__ptext15                   text15       0C0D
__ptext16                   text16       0CBD
__ptext17                   text17       0BAD
__ptext18                   text18       0B2B
__ptext19                   text19       0B16
__ptext2                    text2        0B64
__ptext20                   text20       0B88
__ptext3                    text3        00C6
__ptext4                    text4        0006
__ptext5                    text5        005F
__ptext6                    text6        0B20
__ptext7                    text7        0140
__ptext8                    text8        0C7E
__ptext9                    text9        0C43
__size_of___awdiv           (abs)        0000
__size_of___awmod           (abs)        0000
__size_of___wmul            (abs)        0000
__size_of_alarm_init        (abs)        0000
__size_of_buzz              (abs)        0000
__size_of_cont_data_read    (abs)        0000
__size_of_cont_data_write   (abs)        0000
__size_of_data_clear        (abs)        0000
__size_of_data_init         (abs)        0000
__size_of_data_read         (abs)        0000
__size_of_data_write        (abs)        0000
__size_of_delay             (abs)        0000
__size_of_disp              (abs)        0000
__size_of_disp_alarm        (abs)        0000
__size_of_disp_alarm_no     (abs)        0000
__size_of_disp_alarm_state  (abs)        0000
__size_of_disp_cc           (abs)        0000
__size_of_disp_dig          (abs)        0000
__size_of_main              (abs)        0000
__size_of_real_time_counter (abs)        0000
__size_of_set_time          (abs)        0000
_al_state                   bssBANK0     0059
_alarm                      dataBANK0    0062
_alarm_h                    bssBANK0     005F
_alarm_init                 text14       025C
_alarm_m                    bssBANK0     005E
_alarm_no                   bssBANK0     005D
_alarms                     bssBANK0     004F
_buzz                       text2        0B64
_cont_data_read             text17       0BAD
_cont_data_write            text15       0C0D
_data_clear                 text13       0BDA
_data_init                  text12       0B06
_data_read                  text18       0B2B
_data_write                 text16       0CBD
_delay                      text19       0B16
_disp                       text3        00C6
_disp_alarm                 text6        0B20
_disp_alarm_no              text8        0C7E
_disp_alarm_state           text7        0140
_disp_cc                    text11       01C4
_disp_dig                   text10       0B40
_hr                         bssBANK0     005C
_main                       maintext     02FA
_min                        bssBANK0     005B
_real_time_counter          text9        0C43
_sec                        bssBANK0     005A
_sec_count                  bssBANK0     0057
_set_time                   text1        0D01
_snz                        bssBANK0     0047
_snz_state                  bssBANK0     0058
_time                       bssBANK0     0060
alarm_init@i                cstackCOMMON 007C
btemp                       (abs)        007E
buzz@j                      cstackBANK0  0027
buzz@t1                     cstackBANK0  0026
buzz@t2                     cstackBANK0  0024
clear_ram0                  clrtext      0B0E
cont_data_read@data         cstackCOMMON 0078
cont_data_read@end_char     cstackCOMMON 0075
cont_data_read@i            cstackCOMMON 0079
cont_data_read@len          cstackCOMMON 0074
cont_data_read@start        cstackCOMMON 0073
cont_data_write@arr         cstackCOMMON 0075
cont_data_write@end_char    cstackCOMMON 0076
cont_data_write@i           cstackCOMMON 007B
cont_data_write@len         cstackCOMMON 007A
cont_data_write@start       cstackCOMMON 0079
data_clear@addr             cstackCOMMON 0078
data_clear@end              cstackCOMMON 0075
data_clear@start            cstackCOMMON 0077
data_read@addr              cstackCOMMON 0072
data_write@addr             cstackCOMMON 0073
data_write@data             cstackCOMMON 0072
data_write@prev_gie         cstackCOMMON 0074
disp@_1                     cstackBANK0  0023
disp@_2                     cstackCOMMON 007D
disp_alarm_no@i             cstackBANK0  0020
disp_alarm_state@i          cstackBANK0  0020
disp_alarm_state@i_222      cstackBANK0  0021
disp_cc@PORT                cstackCOMMON 0073
disp_cc@digit               cstackCOMMON 0072
disp_dig@dig                cstackCOMMON 0079
disp_dig@n                  cstackCOMMON 007C
end_of_initialization       cinit        07FC
intlevel0                   functab      0000
intlevel1                   functab      0000
intlevel2                   functab      0000
intlevel3                   functab      0000
intlevel4                   functab      0000
intlevel5                   functab      0000
main@i                      cstackBANK0  0044
main@j                      cstackBANK0  003F
main@j_238                  cstackBANK0  0040
main@j_239                  cstackBANK0  0041
main@j_240                  cstackBANK0  0042
main@j_243                  cstackBANK0  0043
main@pre_al_no              cstackBANK0  003D
main@pre_al_state           cstackBANK0  003E
main@time_sum               cstackBANK0  0045
reset_vec                   reset_vec    0000
set_time@arr                cstackBANK0  0033
set_time@i                  cstackBANK0  0028
set_time@j                  cstackBANK0  002B
set_time@j_207              cstackBANK0  002F
set_time@j_208              cstackBANK0  0030
set_time@j_209              cstackBANK0  0031
set_time@j_210              cstackBANK0  0032
set_time@j_211              cstackBANK0  002E
set_time@k                  cstackBANK0  002C
set_time@k_205              cstackBANK0  002D
start                       init         0000
start_initialization        cinit        07E1
wtemp0                      (abs)        007E


FUNCTION INFORMATION:

 *************** function _main *****************
 Defined at:
		line 294 in file "alarm.c"
 Parameters:    Size  Location     Type
		None
 Auto vars:     Size  Location     Type
  j               1   34[BANK0 ] unsigned char 
  j               1   33[BANK0 ] unsigned char 
  j               1   32[BANK0 ] unsigned char 
  j               1   31[BANK0 ] unsigned char 
  j               1   35[BANK0 ] unsigned char 
  i               1   36[BANK0 ] unsigned char 
  pre_al_state    1   30[BANK0 ] unsigned char 
  time_sum        2   37[BANK0 ] int 
  pre_al_no       1   29[BANK0 ] unsigned char 
 Return value:  Size  Location     Type
                  1    wreg      void 
 Registers used:
		wreg, fsr0l, fsr0h, status,2, status,0, pclath, cstack
 Tracked objects:
		On entry : 
		On exit  : 
		Unchanged: 
 Data sizes:     COMMON   BANK0   BANK1   BANK3   BANK2
      Params:         0       0       0       0       0
      Locals:         0      10       0       0       0
      Temps:          0       9       0       0       0
      Totals:         0      19       0       0       0
Total ram usage:       19 bytes
 Hardware stack levels required when called:    5
 This function calls:
		___awdiv
		___awmod
		___wmul
		_alarm_init
		_buzz
		_cont_data_write
		_data_clear
		_data_init
		_data_write
		_disp
		_disp_alarm
		_disp_alarm_state
		_real_time_counter
		_set_time
 This function is called by:
		Startup code after reset
 This function uses a non-reentrant model


 *************** function _set_time *****************
 Defined at:
		line 109 in file "alarm.c"
 Parameters:    Size  Location     Type
  arr             1    wreg     PTR unsigned char 
		 -> alarm(3), time(2), 
  i               1    8[BANK0 ] unsigned char 
 Auto vars:     Size  Location     Type
  arr             1   19[BANK0 ] PTR unsigned char 
		 -> alarm(3), time(2), 
  j               1   18[BANK0 ] unsigned char 
  j               1   16[BANK0 ] unsigned char 
  j               1   14[BANK0 ] unsigned char 
  j               1   17[BANK0 ] unsigned char 
  j               1   15[BANK0 ] unsigned char 
  k               1   13[BANK0 ] unsigned char 
  k               1   12[BANK0 ] unsigned char 
  j               1   11[BANK0 ] unsigned char 
 Return value:  Size  Location     Type
                  1    wreg      unsigned char 
 Registers used:
		wreg, fsr0l, fsr0h, status,2, status,0, pclath, cstack
 Tracked objects:
		On entry : 
		On exit  : 
		Unchanged: 
 Data sizes:     COMMON   BANK0   BANK1   BANK3   BANK2
      Params:         0       1       0       0       0
      Locals:         0       9       0       0       0
      Temps:          0       2       0       0       0
      Totals:         0      12       0       0       0
Total ram usage:       12 bytes
 Hardware stack levels used:    1
 Hardware stack levels required when called:    4
 This function calls:
		_buzz
		_disp
		_disp_dig
		_real_time_counter
 This function is called by:
		_main
		_clock_init
 This function uses a non-reentrant model


 *************** function _buzz *****************
 Defined at:
		line 96 in file "alarm.c"
 Parameters:    Size  Location     Type
  t1              1    wreg     unsigned char 
  t2              1    4[BANK0 ] unsigned char 
 Auto vars:     Size  Location     Type
  t1              1    6[BANK0 ] unsigned char 
  j               1    7[BANK0 ] unsigned char 
 Return value:  Size  Location     Type
                  1    wreg      void 
 Registers used:
		wreg, fsr0l, fsr0h, status,2, status,0, pclath, cstack
 Tracked objects:
		On entry : 
		On exit  : 
		Unchanged: 
 Data sizes:     COMMON   BANK0   BANK1   BANK3   BANK2
      Params:         0       1       0       0       0
      Locals:         0       2       0       0       0
      Temps:          0       1       0       0       0
      Totals:         0       4       0       0       0
Total ram usage:        4 bytes
 Hardware stack levels used:    1
 Hardware stack levels required when called:    3
 This function calls:
		_disp
		_real_time_counter
 This function is called by:
		_set_time
		_main
 This function uses a non-reentrant model


 *************** function _disp *****************
 Defined at:
		line 41 in file "alarm.c"
 Parameters:    Size  Location     Type
  _1              1    wreg     unsigned char 
  _2              1   13[COMMON] unsigned char 
 Auto vars:     Size  Location     Type
  _1              1    3[BANK0 ] unsigned char 
 Return value:  Size  Location     Type
                  1    wreg      void 
 Registers used:
		wreg, fsr0l, fsr0h, status,2, status,0, pclath, cstack
 Tracked objects:
		On entry : 
		On exit  : 
		Unchanged: 
 Data sizes:     COMMON   BANK0   BANK1   BANK3   BANK2
      Params:         1       0       0       0       0
      Locals:         0       1       0       0       0
      Temps:          0       3       0       0       0
      Totals:         1       4       0       0       0
Total ram usage:        5 bytes
 Hardware stack levels used:    1
 Hardware stack levels required when called:    2
 This function calls:
		___awdiv
		___awmod
		_disp_dig
 This function is called by:
		_buzz
		_set_time
		_main
		_clock_init
 This function uses a non-reentrant model


 *************** function ___awmod *****************
 Defined at:
		line 5 in file "C:\Program Files (x86)\Microchip\xc8\v2.10\pic\sources\c90\common\awmod.c"
 Parameters:    Size  Location     Type
  divisor         2    0[COMMON] int 
  dividend        2    2[COMMON] int 
 Auto vars:     Size  Location     Type
  sign            1    6[COMMON] unsigned char 
  counter         1    5[COMMON] unsigned char 
 Return value:  Size  Location     Type
                  2    0[COMMON] int 
 Registers used:
		wreg, status,2, status,0
 Tracked objects:
		On entry : 
		On exit  : 
		Unchanged: 
 Data sizes:     COMMON   BANK0   BANK1   BANK3   BANK2
      Params:         4       0       0       0       0
      Locals:         2       0       0       0       0
      Temps:          1       0       0       0       0
      Totals:         7       0       0       0       0
Total ram usage:        7 bytes
 Hardware stack levels used:    1
 This function calls:
		Nothing
 This function is called by:
		_disp
		_main
 This function uses a non-reentrant model


 *************** function ___awdiv *****************
 Defined at:
		line 5 in file "C:\Program Files (x86)\Microchip\xc8\v2.10\pic\sources\c90\common\awdiv.c"
 Parameters:    Size  Location     Type
  divisor         2    0[COMMON] int 
  dividend        2    2[COMMON] int 
 Auto vars:     Size  Location     Type
  quotient        2    7[COMMON] int 
  sign            1    6[COMMON] unsigned char 
  counter         1    5[COMMON] unsigned char 
 Return value:  Size  Location     Type
                  2    0[COMMON] int 
 Registers used:
		wreg, status,2, status,0
 Tracked objects:
		On entry : 
		On exit  : 
		Unchanged: 
 Data sizes:     COMMON   BANK0   BANK1   BANK3   BANK2
      Params:         4       0       0       0       0
      Locals:         4       0       0       0       0
      Temps:          1       0       0       0       0
      Totals:         9       0       0       0       0
Total ram usage:        9 bytes
 Hardware stack levels used:    1
 This function calls:
		Nothing
 This function is called by:
		_disp
		_main
 This function uses a non-reentrant model


 *************** function _disp_alarm *****************
 Defined at:
		line 287 in file "alarm.c"
 Parameters:    Size  Location     Type
		None
 Auto vars:     Size  Location     Type
		None
 Return value:  Size  Location     Type
                  1    wreg      void 
 Registers used:
		wreg, fsr0l, fsr0h, status,2, status,0, pclath, cstack
 Tracked objects:
		On entry : 
		On exit  : 
		Unchanged: 
 Data sizes:     COMMON   BANK0   BANK1   BANK3   BANK2
      Params:         0       0       0       0       0
      Locals:         0       0       0       0       0
      Temps:          0       0       0       0       0
      Totals:         0       0       0       0       0
Total ram usage:        0 bytes
 Hardware stack levels used:    1
 Hardware stack levels required when called:    3
 This function calls:
		_disp_alarm_no
		_disp_alarm_state
 This function is called by:
		_main
 This function uses a non-reentrant model


 *************** function _disp_alarm_state *****************
 Defined at:
		line 264 in file "alarm.c"
 Parameters:    Size  Location     Type
		None
 Auto vars:     Size  Location     Type
  i               1    1[BANK0 ] unsigned char 
  i               1    0[BANK0 ] unsigned char 
 Return value:  Size  Location     Type
                  1    wreg      void 
 Registers used:
		wreg, fsr0l, fsr0h, status,2, status,0, pclath, cstack
 Tracked objects:
		On entry : 
		On exit  : 
		Unchanged: 
 Data sizes:     COMMON   BANK0   BANK1   BANK3   BANK2
      Params:         0       0       0       0       0
      Locals:         0       2       0       0       0
      Temps:          1       0       0       0       0
      Totals:         1       2       0       0       0
Total ram usage:        3 bytes
 Hardware stack levels used:    1
 Hardware stack levels required when called:    2
 This function calls:
		_disp_dig
		_real_time_counter
 This function is called by:
		_disp_alarm
		_main
 This function uses a non-reentrant model


 *************** function _disp_alarm_no *****************
 Defined at:
		line 252 in file "alarm.c"
 Parameters:    Size  Location     Type
		None
 Auto vars:     Size  Location     Type
  i               1    0[BANK0 ] unsigned char 
 Return value:  Size  Location     Type
                  1    wreg      void 
 Registers used:
		wreg, fsr0l, fsr0h, status,2, status,0, pclath, cstack
 Tracked objects:
		On entry : 
		On exit  : 
		Unchanged: 
 Data sizes:     COMMON   BANK0   BANK1   BANK3   BANK2
      Params:         0       0       0       0       0
      Locals:         0       1       0       0       0
      Temps:          1       0       0       0       0
      Totals:         1       1       0       0       0
Total ram usage:        2 bytes
 Hardware stack levels used:    1
 Hardware stack levels required when called:    2
 This function calls:
		_disp_dig
		_real_time_counter
 This function is called by:
		_disp_alarm
 This function uses a non-reentrant model


 *************** function _real_time_counter *****************
 Defined at:
		line 71 in file "alarm.c"
 Parameters:    Size  Location     Type
		None
 Auto vars:     Size  Location     Type
		None
 Return value:  Size  Location     Type
                  1    wreg      void 
 Registers used:
		wreg, status,2, status,0
 Tracked objects:
		On entry : 
		On exit  : 
		Unchanged: 
 Data sizes:     COMMON   BANK0   BANK1   BANK3   BANK2
      Params:         0       0       0       0       0
      Locals:         0       0       0       0       0
      Temps:          1       0       0       0       0
      Totals:         1       0       0       0       0
Total ram usage:        1 bytes
 Hardware stack levels used:    1
 This function calls:
		Nothing
 This function is called by:
		_buzz
		_set_time
		_disp_alarm_no
		_disp_alarm_state
		_main
 This function uses a non-reentrant model


 *************** function _disp_dig *****************
 Defined at:
		line 33 in file "alarm.c"
 Parameters:    Size  Location     Type
  n               1    wreg     unsigned char 
  dig             1    9[COMMON] unsigned char 
 Auto vars:     Size  Location     Type
  n               1   12[COMMON] unsigned char 
 Return value:  Size  Location     Type
                  1    wreg      void 
 Registers used:
		wreg, fsr0l, fsr0h, status,2, status,0, pclath, cstack
 Tracked objects:
		On entry : 
		On exit  : 
		Unchanged: 
 Data sizes:     COMMON   BANK0   BANK1   BANK3   BANK2
      Params:         1       0       0       0       0
      Locals:         1       0       0       0       0
      Temps:          2       0       0       0       0
      Totals:         4       0       0       0       0
Total ram usage:        4 bytes
 Hardware stack levels used:    1
 Hardware stack levels required when called:    1
 This function calls:
		_disp_cc
 This function is called by:
		_disp
		_set_time
		_disp_alarm_no
		_disp_alarm_state
 This function uses a non-reentrant model


 *************** function _disp_cc *****************
 Defined at:
		line 10 in file "../lib\7seg.h"
 Parameters:    Size  Location     Type
  digit           1    wreg     unsigned char 
 Auto vars:     Size  Location     Type
  digit           1    2[COMMON] unsigned char 
  PORT            1    3[COMMON] unsigned char 
 Return value:  Size  Location     Type
                  1    wreg      unsigned char 
 Registers used:
		wreg, fsr0l, fsr0h, status,2, status,0
 Tracked objects:
		On entry : 
		On exit  : 
		Unchanged: 
 Data sizes:     COMMON   BANK0   BANK1   BANK3   BANK2
      Params:         0       0       0       0       0
      Locals:         2       0       0       0       0
      Temps:          2       0       0       0       0
      Totals:         4       0       0       0       0
Total ram usage:        4 bytes
 Hardware stack levels used:    1
 This function calls:
		Nothing
 This function is called by:
		_disp_dig
 This function uses a non-reentrant model


 *************** function _data_init *****************
 Defined at:
		line 14 in file "../lib\eeprom.h"
 Parameters:    Size  Location     Type
		None
 Auto vars:     Size  Location     Type
		None
 Return value:  Size  Location     Type
                  1    wreg      void 
 Registers used:
		None
 Tracked objects:
		On entry : 
		On exit  : 
		Unchanged: 
 Data sizes:     COMMON   BANK0   BANK1   BANK3   BANK2
      Params:         0       0       0       0       0
      Locals:         0       0       0       0       0
      Temps:          0       0       0       0       0
      Totals:         0       0       0       0       0
Total ram usage:        0 bytes
 Hardware stack levels used:    1
 This function calls:
		Nothing
 This function is called by:
		_main
 This function uses a non-reentrant model


 *************** function _data_clear *****************
 Defined at:
		line 68 in file "../lib\eeprom.h"
 Parameters:    Size  Location     Type
  start           1    wreg     unsigned char 
  end             1    5[COMMON] unsigned char 
 Auto vars:     Size  Location     Type
  start           1    7[COMMON] unsigned char 
  addr            1    8[COMMON] unsigned char 
 Return value:  Size  Location     Type
                  1    wreg      void 
 Registers used:
		wreg, status,2, status,0, pclath, cstack
 Tracked objects:
		On entry : 
		On exit  : 
		Unchanged: 
 Data sizes:     COMMON   BANK0   BANK1   BANK3   BANK2
      Params:         1       0       0       0       0
      Locals:         2       0       0       0       0
      Temps:          1       0       0       0       0
      Totals:         4       0       0       0       0
Total ram usage:        4 bytes
 Hardware stack levels used:    1
 Hardware stack levels required when called:    2
 This function calls:
		_data_write
		_delay
 This function is called by:
		_main
 This function uses a non-reentrant model


 *************** function _alarm_init *****************
 Defined at:
		line 223 in file "alarm.c"
 Parameters:    Size  Location     Type
		None
 Auto vars:     Size  Location     Type
  i               1   12[COMMON] unsigned char 
 Return value:  Size  Location     Type
                  1    wreg      void 
 Registers used:
		wreg, fsr0l, fsr0h, status,2, status,0, pclath, cstack
 Tracked objects:
		On entry : 
		On exit  : 
		Unchanged: 
 Data sizes:     COMMON   BANK0   BANK1   BANK3   BANK2
      Params:         0       0       0       0       0
      Locals:         1       0       0       0       0
      Temps:          0       5       0       0       0
      Totals:         1       5       0       0       0
Total ram usage:        6 bytes
 Hardware stack levels used:    1
 Hardware stack levels required when called:    3
 This function calls:
		___wmul
		_cont_data_read
		_cont_data_write
		_data_read
		_data_write
 This function is called by:
		_main
 This function uses a non-reentrant model


 *************** function _cont_data_write *****************
 Defined at:
		line 58 in file "../lib\eeprom.h"
 Parameters:    Size  Location     Type
  start           1    wreg     unsigned char 
  arr             1    5[COMMON] PTR unsigned char 
		 -> alarm(3), 
  end_char        1    6[COMMON] unsigned char 
 Auto vars:     Size  Location     Type
  start           1    9[COMMON] unsigned char 
  i               1   11[COMMON] unsigned char 
  len             1   10[COMMON] unsigned char 
 Return value:  Size  Location     Type
                  1    wreg      void 
 Registers used:
		wreg, fsr0l, fsr0h, status,2, status,0, pclath, cstack
 Tracked objects:
		On entry : 
		On exit  : 
		Unchanged: 
 Data sizes:     COMMON   BANK0   BANK1   BANK3   BANK2
      Params:         2       0       0       0       0
      Locals:         3       0       0       0       0
      Temps:          2       0       0       0       0
      Totals:         7       0       0       0       0
Total ram usage:        7 bytes
 Hardware stack levels used:    1
 Hardware stack levels required when called:    2
 This function calls:
		_data_write
		_delay
 This function is called by:
		_alarm_init
		_main
 This function uses a non-reentrant model


 *************** function _data_write *****************
 Defined at:
		line 28 in file "../lib\eeprom.h"
 Parameters:    Size  Location     Type
  addr            1    wreg     unsigned char 
  data            1    2[COMMON] unsigned char 
 Auto vars:     Size  Location     Type
  addr            1    3[COMMON] unsigned char 
  prev_gie        1    4[COMMON] unsigned char 
 Return value:  Size  Location     Type
                  1    wreg      void 
 Registers used:
		wreg, status,2, status,0, pclath, cstack
 Tracked objects:
		On entry : 
		On exit  : 
		Unchanged: 
 Data sizes:     COMMON   BANK0   BANK1   BANK3   BANK2
      Params:         1       0       0       0       0
      Locals:         2       0       0       0       0
      Temps:          0       0       0       0       0
      Totals:         3       0       0       0       0
Total ram usage:        3 bytes
 Hardware stack levels used:    1
 Hardware stack levels required when called:    1
 This function calls:
		_delay
 This function is called by:
		_cont_data_write
		_data_clear
		_alarm_init
		_main
 This function uses a non-reentrant model


 *************** function _cont_data_read *****************
 Defined at:
		line 49 in file "../lib\eeprom.h"
 Parameters:    Size  Location     Type
  data            1    wreg     PTR unsigned char 
		 -> alarm(3), 
  start           1    3[COMMON] unsigned char 
  len             1    4[COMMON] unsigned char 
  end_char        1    5[COMMON] unsigned char 
 Auto vars:     Size  Location     Type
  data            1    8[COMMON] PTR unsigned char 
		 -> alarm(3), 
  i               1    9[COMMON] unsigned char 
 Return value:  Size  Location     Type
                  1    wreg      void 
 Registers used:
		wreg, fsr0l, fsr0h, status,2, status,0, pclath, cstack
 Tracked objects:
		On entry : 
		On exit  : 
		Unchanged: 
 Data sizes:     COMMON   BANK0   BANK1   BANK3   BANK2
      Params:         3       0       0       0       0
      Locals:         2       0       0       0       0
      Temps:          2       0       0       0       0
      Totals:         7       0       0       0       0
Total ram usage:        7 bytes
 Hardware stack levels used:    1
 Hardware stack levels required when called:    2
 This function calls:
		_data_read
		_delay
 This function is called by:
		_alarm_init
 This function uses a non-reentrant model


 *************** function _data_read *****************
 Defined at:
		line 20 in file "../lib\eeprom.h"
 Parameters:    Size  Location     Type
  addr            1    wreg     unsigned char 
 Auto vars:     Size  Location     Type
  addr            1    2[COMMON] unsigned char 
 Return value:  Size  Location     Type
                  1    wreg      unsigned char 
 Registers used:
		wreg, status,2, status,0, pclath, cstack
 Tracked objects:
		On entry : 
		On exit  : 
		Unchanged: 
 Data sizes:     COMMON   BANK0   BANK1   BANK3   BANK2
      Params:         0       0       0       0       0
      Locals:         1       0       0       0       0
      Temps:          0       0       0       0       0
      Totals:         1       0       0       0       0
Total ram usage:        1 bytes
 Hardware stack levels used:    1
 Hardware stack levels required when called:    1
 This function calls:
		_delay
 This function is called by:
		_cont_data_read
		_alarm_init
 This function uses a non-reentrant model


 *************** function _delay *****************
 Defined at:
		line 10 in file "../lib\eeprom.h"
 Parameters:    Size  Location     Type
		None
 Auto vars:     Size  Location     Type
		None
 Return value:  Size  Location     Type
                  1    wreg      void 
 Registers used:
		wreg
 Tracked objects:
		On entry : 
		On exit  : 
		Unchanged: 
 Data sizes:     COMMON   BANK0   BANK1   BANK3   BANK2
      Params:         0       0       0       0       0
      Locals:         0       0       0       0       0
      Temps:          2       0       0       0       0
      Totals:         2       0       0       0       0
Total ram usage:        2 bytes
 Hardware stack levels used:    1
 This function calls:
		Nothing
 This function is called by:
		_data_read
		_data_write
		_cont_data_read
		_cont_data_write
		_data_clear
 This function uses a non-reentrant model


 *************** function ___wmul *****************
 Defined at:
		line 15 in file "C:\Program Files (x86)\Microchip\xc8\v2.10\pic\sources\c90\common\Umul16.c"
 Parameters:    Size  Location     Type
  multiplier      2    0[COMMON] unsigned int 
  multiplicand    2    2[COMMON] unsigned int 
 Auto vars:     Size  Location     Type
  product         2    4[COMMON] unsigned int 
 Return value:  Size  Location     Type
                  2    0[COMMON] unsigned int 
 Registers used:
		wreg, status,2, status,0
 Tracked objects:
		On entry : 
		On exit  : 
		Unchanged: 
 Data sizes:     COMMON   BANK0   BANK1   BANK3   BANK2
      Params:         4       0       0       0       0
      Locals:         2       0       0       0       0
      Temps:          0       0       0       0       0
      Totals:         6       0       0       0       0
Total ram usage:        6 bytes
 Hardware stack levels used:    1
 This function calls:
		Nothing
 This function is called by:
		_alarm_init
		_main
 This function uses a non-reentrant model



MODULE INFORMATION

Module		Function		Class		Link	Load	Size
C:\Program Files (x86)\Microchip\xc8\v2.10\pic\sources\c90\common\awdiv.c
		___awdiv       		CODE           	005F	0000	104

C:\Program Files (x86)\Microchip\xc8\v2.10\pic\sources\c90\common\awdiv.c estimated size: 104

C:\Program Files (x86)\Microchip\xc8\v2.10\pic\sources\c90\common\Umul16.c
		___wmul        		CODE           	0B88	0000	38

C:\Program Files (x86)\Microchip\xc8\v2.10\pic\sources\c90\common\Umul16.c estimated size: 38

../lib\7seg.h
		_disp_cc       		CODE           	01C4	0000	153

../lib\7seg.h estimated size: 153

shared
		__initialization		CODE           	07E1	0000	28

shared estimated size: 28

alarm.c
		_alarm_init    		CODE           	025C	0000	159
		_disp_alarm_state		CODE           	0140	0000	133
		_disp_alarm_no 		CODE           	0C7E	0000	64
		_main          		CODE           	02FA	0000	1256
		_buzz          		CODE           	0B64	0000	37
		_set_time      		CODE           	0D01	0000	768
		_real_time_counter		CODE           	0C43	0000	60
		_disp_dig      		CODE           	0B40	0000	37
		_disp          		CODE           	00C6	0000	123
		_disp_alarm    		CODE           	0B20	0000	12

alarm.c estimated size: 2649

C:\Program Files (x86)\Microchip\xc8\v2.10\pic\sources\c90\common\awmod.c
		___awmod       		CODE           	0006	0000	90

C:\Program Files (x86)\Microchip\xc8\v2.10\pic\sources\c90\common\awmod.c estimated size: 90

../lib\eeprom.h
		_delay         		CODE           	0B16	0000	11
		_cont_data_write		CODE           	0C0D	0000	55
		_data_clear    		CODE           	0BDA	0000	52
		_data_write    		CODE           	0CBD	0000	69
		_data_read     		CODE           	0B2B	0000	22
		_data_init     		CODE           	0B06	0000	9
		_cont_data_read		CODE           	0BAD	0000	46

../lib\eeprom.h estimated size: 264

